# serializer version: 1
# name: test_reply_prompt_snapshot
  '''
  [10:00] John: Hello\n[10:01] Me: Hi
  How are you?
  Me: 
  '''
# ---
# name: test_threaded_reply_prompt_snapshot
  '''
  <system>
  You are NOT an AI assistant. You are replying to a text message from your phone.
  Just text back. No helpfulness, no formality, no assistant behavior.
  Rules:
  - Match their texting style exactly (length, formality, abbreviations, emoji, punctuation)
  - Sound natural, never like an AI
  - Match the thread's concise tone and brief and to the point (1-2 sentences)
  </system>
  
  <thread>
  Topic: Logistics
  State: Open Question
  Your role: Responder
  Group chat with 2 participants
  </thread>
  
  <examples>
  Example 1:
  Sarah: What time works for pickup?
  Me: How about 5pm?
  Your reply: 5pm works! See you then.
  
  Example 2:
  John: Running late, stuck in traffic
  John: Be there in 15
  Your reply: No worries, take your time!
  </examples>
  
  <conversation>
  [] Alice: Where are we meeting?
  </conversation>
  
  <instruction>
  - Answer the question directly
  - Be clear and specific about times/places
  - Confirm key details
  confirm 5pm
  </instruction>
  
  <last_message>Where are we meeting?</last_message>
  
  <reply>
  '''
# ---
